---
source: crates/ruff_python_formatter/src/comments/mod.rs
expression: comments.debug(test_case.source_code)
---
{
    Node {
        kind: StmtPass,
        range: 49..53,
        source: `pass`,
    }: {
        "leading": [
            SourceComment {
                text: "# comment",
                position: OwnLine,
                formatted: false,
            },
        ],
        "dangling": [],
        "trailing": [],
    },
}
